// Jest Snapshot v1, https://goo.gl/fbAQLP

exports[`Prueba in <PrimeraApp/> Debe de mostrar saludo 1`] = `
<Fragment>
  <h1>
    Hola, soy Goku
    !!!
  </h1>
  <p>
    Soy un subtitulo
  </p>
</Fragment>
`;

